parsing "../../vendor/atproto/lexicons/app/bsky/actor/defs.json"
parsing "../../vendor/atproto/lexicons/app/bsky/actor/getPreferences.json"
parsing "../../vendor/atproto/lexicons/app/bsky/actor/getProfile.json"
parsing "../../vendor/atproto/lexicons/app/bsky/actor/getProfiles.json"
parsing "../../vendor/atproto/lexicons/app/bsky/actor/getSuggestions.json"
parsing "../../vendor/atproto/lexicons/app/bsky/actor/profile.json"
parsing "../../vendor/atproto/lexicons/app/bsky/actor/putPreferences.json"
parsing "../../vendor/atproto/lexicons/app/bsky/actor/searchActors.json"
parsing "../../vendor/atproto/lexicons/app/bsky/actor/searchActorsTypeahead.json"
parsing "../../vendor/atproto/lexicons/app/bsky/embed/defs.json"
parsing "../../vendor/atproto/lexicons/app/bsky/embed/external.json"
parsing "../../vendor/atproto/lexicons/app/bsky/embed/images.json"
parsing "../../vendor/atproto/lexicons/app/bsky/embed/record.json"
parsing "../../vendor/atproto/lexicons/app/bsky/embed/recordWithMedia.json"
parsing "../../vendor/atproto/lexicons/app/bsky/embed/video.json"
parsing "../../vendor/atproto/lexicons/app/bsky/feed/defs.json"
parsing "../../vendor/atproto/lexicons/app/bsky/feed/describeFeedGenerator.json"
parsing "../../vendor/atproto/lexicons/app/bsky/feed/generator.json"
parsing "../../vendor/atproto/lexicons/app/bsky/feed/getActorFeeds.json"
parsing "../../vendor/atproto/lexicons/app/bsky/feed/getActorLikes.json"
parsing "../../vendor/atproto/lexicons/app/bsky/feed/getAuthorFeed.json"
parsing "../../vendor/atproto/lexicons/app/bsky/feed/getFeed.json"
parsing "../../vendor/atproto/lexicons/app/bsky/feed/getFeedGenerator.json"
parsing "../../vendor/atproto/lexicons/app/bsky/feed/getFeedGenerators.json"
parsing "../../vendor/atproto/lexicons/app/bsky/feed/getFeedSkeleton.json"
parsing "../../vendor/atproto/lexicons/app/bsky/feed/getLikes.json"
parsing "../../vendor/atproto/lexicons/app/bsky/feed/getListFeed.json"
parsing "../../vendor/atproto/lexicons/app/bsky/feed/getPostThread.json"
parsing "../../vendor/atproto/lexicons/app/bsky/feed/getPosts.json"
parsing "../../vendor/atproto/lexicons/app/bsky/feed/getQuotes.json"
parsing "../../vendor/atproto/lexicons/app/bsky/feed/getRepostedBy.json"
parsing "../../vendor/atproto/lexicons/app/bsky/feed/getSuggestedFeeds.json"
parsing "../../vendor/atproto/lexicons/app/bsky/feed/getTimeline.json"
parsing "../../vendor/atproto/lexicons/app/bsky/feed/like.json"
parsing "../../vendor/atproto/lexicons/app/bsky/feed/post.json"
parsing "../../vendor/atproto/lexicons/app/bsky/feed/postgate.json"
parsing "../../vendor/atproto/lexicons/app/bsky/feed/repost.json"
parsing "../../vendor/atproto/lexicons/app/bsky/feed/searchPosts.json"
parsing "../../vendor/atproto/lexicons/app/bsky/feed/sendInteractions.json"
parsing "../../vendor/atproto/lexicons/app/bsky/feed/threadgate.json"
parsing "../../vendor/atproto/lexicons/app/bsky/graph/block.json"
parsing "../../vendor/atproto/lexicons/app/bsky/graph/defs.json"
parsing "../../vendor/atproto/lexicons/app/bsky/graph/follow.json"
parsing "../../vendor/atproto/lexicons/app/bsky/graph/getActorStarterPacks.json"
parsing "../../vendor/atproto/lexicons/app/bsky/graph/getBlocks.json"
parsing "../../vendor/atproto/lexicons/app/bsky/graph/getFollowers.json"
parsing "../../vendor/atproto/lexicons/app/bsky/graph/getFollows.json"
parsing "../../vendor/atproto/lexicons/app/bsky/graph/getKnownFollowers.json"
parsing "../../vendor/atproto/lexicons/app/bsky/graph/getList.json"
parsing "../../vendor/atproto/lexicons/app/bsky/graph/getListBlocks.json"
parsing "../../vendor/atproto/lexicons/app/bsky/graph/getListMutes.json"
parsing "../../vendor/atproto/lexicons/app/bsky/graph/getLists.json"
parsing "../../vendor/atproto/lexicons/app/bsky/graph/getMutes.json"
parsing "../../vendor/atproto/lexicons/app/bsky/graph/getRelationships.json"
parsing "../../vendor/atproto/lexicons/app/bsky/graph/getStarterPack.json"
parsing "../../vendor/atproto/lexicons/app/bsky/graph/getStarterPacks.json"
parsing "../../vendor/atproto/lexicons/app/bsky/graph/getSuggestedFollowsByActor.json"
parsing "../../vendor/atproto/lexicons/app/bsky/graph/list.json"
parsing "../../vendor/atproto/lexicons/app/bsky/graph/listblock.json"
parsing "../../vendor/atproto/lexicons/app/bsky/graph/listitem.json"
parsing "../../vendor/atproto/lexicons/app/bsky/graph/muteActor.json"
parsing "../../vendor/atproto/lexicons/app/bsky/graph/muteActorList.json"
parsing "../../vendor/atproto/lexicons/app/bsky/graph/muteThread.json"
parsing "../../vendor/atproto/lexicons/app/bsky/graph/searchStarterPacks.json"
parsing "../../vendor/atproto/lexicons/app/bsky/graph/starterpack.json"
parsing "../../vendor/atproto/lexicons/app/bsky/graph/unmuteActor.json"
parsing "../../vendor/atproto/lexicons/app/bsky/graph/unmuteActorList.json"
parsing "../../vendor/atproto/lexicons/app/bsky/graph/unmuteThread.json"
parsing "../../vendor/atproto/lexicons/app/bsky/labeler/defs.json"
parsing "../../vendor/atproto/lexicons/app/bsky/labeler/getServices.json"
parsing "../../vendor/atproto/lexicons/app/bsky/labeler/service.json"
parsing "../../vendor/atproto/lexicons/app/bsky/notification/getUnreadCount.json"
parsing "../../vendor/atproto/lexicons/app/bsky/notification/listNotifications.json"
parsing "../../vendor/atproto/lexicons/app/bsky/notification/putPreferences.json"
parsing "../../vendor/atproto/lexicons/app/bsky/notification/registerPush.json"
parsing "../../vendor/atproto/lexicons/app/bsky/notification/updateSeen.json"
parsing "../../vendor/atproto/lexicons/app/bsky/richtext/facet.json"
parsing "../../vendor/atproto/lexicons/app/bsky/unspecced/defs.json"
parsing "../../vendor/atproto/lexicons/app/bsky/unspecced/getConfig.json"
parsing "../../vendor/atproto/lexicons/app/bsky/unspecced/getPopularFeedGenerators.json"
parsing "../../vendor/atproto/lexicons/app/bsky/unspecced/getSuggestionsSkeleton.json"
parsing "../../vendor/atproto/lexicons/app/bsky/unspecced/getTaggedSuggestions.json"
parsing "../../vendor/atproto/lexicons/app/bsky/unspecced/getTrendingTopics.json"
parsing "../../vendor/atproto/lexicons/app/bsky/unspecced/searchActorsSkeleton.json"
parsing "../../vendor/atproto/lexicons/app/bsky/unspecced/searchPostsSkeleton.json"
parsing "../../vendor/atproto/lexicons/app/bsky/unspecced/searchStarterPacksSkeleton.json"
parsing "../../vendor/atproto/lexicons/app/bsky/video/defs.json"
parsing "../../vendor/atproto/lexicons/app/bsky/video/getJobStatus.json"
parsing "../../vendor/atproto/lexicons/app/bsky/video/getUploadLimits.json"
parsing "../../vendor/atproto/lexicons/app/bsky/video/uploadVideo.json"
parsing "../../vendor/atproto/lexicons/chat/bsky/actor/declaration.json"
parsing "../../vendor/atproto/lexicons/chat/bsky/actor/defs.json"
parsing "../../vendor/atproto/lexicons/chat/bsky/actor/deleteAccount.json"
parsing "../../vendor/atproto/lexicons/chat/bsky/actor/exportAccountData.json"
parsing "../../vendor/atproto/lexicons/chat/bsky/convo/defs.json"
parsing "../../vendor/atproto/lexicons/chat/bsky/convo/deleteMessageForSelf.json"
parsing "../../vendor/atproto/lexicons/chat/bsky/convo/getConvo.json"
parsing "../../vendor/atproto/lexicons/chat/bsky/convo/getConvoForMembers.json"
parsing "../../vendor/atproto/lexicons/chat/bsky/convo/getLog.json"
parsing "../../vendor/atproto/lexicons/chat/bsky/convo/getMessages.json"
parsing "../../vendor/atproto/lexicons/chat/bsky/convo/leaveConvo.json"
parsing "../../vendor/atproto/lexicons/chat/bsky/convo/listConvos.json"
parsing "../../vendor/atproto/lexicons/chat/bsky/convo/muteConvo.json"
parsing "../../vendor/atproto/lexicons/chat/bsky/convo/sendMessage.json"
parsing "../../vendor/atproto/lexicons/chat/bsky/convo/sendMessageBatch.json"
parsing "../../vendor/atproto/lexicons/chat/bsky/convo/unmuteConvo.json"
parsing "../../vendor/atproto/lexicons/chat/bsky/convo/updateRead.json"
parsing "../../vendor/atproto/lexicons/chat/bsky/moderation/getActorMetadata.json"
parsing "../../vendor/atproto/lexicons/chat/bsky/moderation/getMessageContext.json"
parsing "../../vendor/atproto/lexicons/chat/bsky/moderation/updateActorAccess.json"
parsing "../../vendor/atproto/lexicons/com/atproto/admin/defs.json"
parsing "../../vendor/atproto/lexicons/com/atproto/admin/deleteAccount.json"
parsing "../../vendor/atproto/lexicons/com/atproto/admin/disableAccountInvites.json"
parsing "../../vendor/atproto/lexicons/com/atproto/admin/disableInviteCodes.json"
parsing "../../vendor/atproto/lexicons/com/atproto/admin/enableAccountInvites.json"
parsing "../../vendor/atproto/lexicons/com/atproto/admin/getAccountInfo.json"
parsing "../../vendor/atproto/lexicons/com/atproto/admin/getAccountInfos.json"
parsing "../../vendor/atproto/lexicons/com/atproto/admin/getInviteCodes.json"
parsing "../../vendor/atproto/lexicons/com/atproto/admin/getSubjectStatus.json"
parsing "../../vendor/atproto/lexicons/com/atproto/admin/searchAccounts.json"
parsing "../../vendor/atproto/lexicons/com/atproto/admin/sendEmail.json"
parsing "../../vendor/atproto/lexicons/com/atproto/admin/updateAccountEmail.json"
parsing "../../vendor/atproto/lexicons/com/atproto/admin/updateAccountHandle.json"
parsing "../../vendor/atproto/lexicons/com/atproto/admin/updateAccountPassword.json"
parsing "../../vendor/atproto/lexicons/com/atproto/admin/updateSubjectStatus.json"
parsing "../../vendor/atproto/lexicons/com/atproto/identity/getRecommendedDidCredentials.json"
parsing "../../vendor/atproto/lexicons/com/atproto/identity/requestPlcOperationSignature.json"
parsing "../../vendor/atproto/lexicons/com/atproto/identity/resolveHandle.json"
parsing "../../vendor/atproto/lexicons/com/atproto/identity/signPlcOperation.json"
parsing "../../vendor/atproto/lexicons/com/atproto/identity/submitPlcOperation.json"
parsing "../../vendor/atproto/lexicons/com/atproto/identity/updateHandle.json"
parsing "../../vendor/atproto/lexicons/com/atproto/label/defs.json"
parsing "../../vendor/atproto/lexicons/com/atproto/label/queryLabels.json"
parsing "../../vendor/atproto/lexicons/com/atproto/label/subscribeLabels.json"
parsing "../../vendor/atproto/lexicons/com/atproto/moderation/createReport.json"
parsing "../../vendor/atproto/lexicons/com/atproto/moderation/defs.json"
parsing "../../vendor/atproto/lexicons/com/atproto/repo/applyWrites.json"
parsing "../../vendor/atproto/lexicons/com/atproto/repo/createRecord.json"
parsing "../../vendor/atproto/lexicons/com/atproto/repo/defs.json"
parsing "../../vendor/atproto/lexicons/com/atproto/repo/deleteRecord.json"
parsing "../../vendor/atproto/lexicons/com/atproto/repo/describeRepo.json"
parsing "../../vendor/atproto/lexicons/com/atproto/repo/getRecord.json"
parsing "../../vendor/atproto/lexicons/com/atproto/repo/importRepo.json"
parsing "../../vendor/atproto/lexicons/com/atproto/repo/listMissingBlobs.json"
parsing "../../vendor/atproto/lexicons/com/atproto/repo/listRecords.json"
parsing "../../vendor/atproto/lexicons/com/atproto/repo/putRecord.json"
parsing "../../vendor/atproto/lexicons/com/atproto/repo/strongRef.json"
parsing "../../vendor/atproto/lexicons/com/atproto/repo/uploadBlob.json"
parsing "../../vendor/atproto/lexicons/com/atproto/server/activateAccount.json"
parsing "../../vendor/atproto/lexicons/com/atproto/server/checkAccountStatus.json"
parsing "../../vendor/atproto/lexicons/com/atproto/server/confirmEmail.json"
parsing "../../vendor/atproto/lexicons/com/atproto/server/createAccount.json"
parsing "../../vendor/atproto/lexicons/com/atproto/server/createAppPassword.json"
parsing "../../vendor/atproto/lexicons/com/atproto/server/createInviteCode.json"
parsing "../../vendor/atproto/lexicons/com/atproto/server/createInviteCodes.json"
parsing "../../vendor/atproto/lexicons/com/atproto/server/createSession.json"
parsing "../../vendor/atproto/lexicons/com/atproto/server/deactivateAccount.json"
parsing "../../vendor/atproto/lexicons/com/atproto/server/defs.json"
parsing "../../vendor/atproto/lexicons/com/atproto/server/deleteAccount.json"
parsing "../../vendor/atproto/lexicons/com/atproto/server/deleteSession.json"
parsing "../../vendor/atproto/lexicons/com/atproto/server/describeServer.json"
parsing "../../vendor/atproto/lexicons/com/atproto/server/getAccountInviteCodes.json"
parsing "../../vendor/atproto/lexicons/com/atproto/server/getServiceAuth.json"
parsing "../../vendor/atproto/lexicons/com/atproto/server/getSession.json"
parsing "../../vendor/atproto/lexicons/com/atproto/server/listAppPasswords.json"
parsing "../../vendor/atproto/lexicons/com/atproto/server/refreshSession.json"
parsing "../../vendor/atproto/lexicons/com/atproto/server/requestAccountDelete.json"
parsing "../../vendor/atproto/lexicons/com/atproto/server/requestEmailConfirmation.json"
parsing "../../vendor/atproto/lexicons/com/atproto/server/requestEmailUpdate.json"
parsing "../../vendor/atproto/lexicons/com/atproto/server/requestPasswordReset.json"
parsing "../../vendor/atproto/lexicons/com/atproto/server/reserveSigningKey.json"
parsing "../../vendor/atproto/lexicons/com/atproto/server/resetPassword.json"
parsing "../../vendor/atproto/lexicons/com/atproto/server/revokeAppPassword.json"
parsing "../../vendor/atproto/lexicons/com/atproto/server/updateEmail.json"
parsing "../../vendor/atproto/lexicons/com/atproto/sync/getBlob.json"
parsing "../../vendor/atproto/lexicons/com/atproto/sync/getBlocks.json"
parsing "../../vendor/atproto/lexicons/com/atproto/sync/getCheckout.json"
parsing "../../vendor/atproto/lexicons/com/atproto/sync/getHead.json"
parsing "../../vendor/atproto/lexicons/com/atproto/sync/getLatestCommit.json"
parsing "../../vendor/atproto/lexicons/com/atproto/sync/getRecord.json"
parsing "../../vendor/atproto/lexicons/com/atproto/sync/getRepo.json"
parsing "../../vendor/atproto/lexicons/com/atproto/sync/getRepoStatus.json"
parsing "../../vendor/atproto/lexicons/com/atproto/sync/listBlobs.json"
parsing "../../vendor/atproto/lexicons/com/atproto/sync/listRepos.json"
parsing "../../vendor/atproto/lexicons/com/atproto/sync/notifyOfUpdate.json"
parsing "../../vendor/atproto/lexicons/com/atproto/sync/requestCrawl.json"
parsing "../../vendor/atproto/lexicons/com/atproto/sync/subscribeRepos.json"
parsing "../../vendor/atproto/lexicons/com/atproto/temp/addReservedHandle.json"
parsing "../../vendor/atproto/lexicons/com/atproto/temp/checkSignupQueue.json"
parsing "../../vendor/atproto/lexicons/com/atproto/temp/fetchLabels.json"
parsing "../../vendor/atproto/lexicons/com/atproto/temp/requestPhoneVerification.json"
parsing "../../vendor/atproto/lexicons/tools/ozone/communication/createTemplate.json"
parsing "../../vendor/atproto/lexicons/tools/ozone/communication/defs.json"
parsing "../../vendor/atproto/lexicons/tools/ozone/communication/deleteTemplate.json"
parsing "../../vendor/atproto/lexicons/tools/ozone/communication/listTemplates.json"
parsing "../../vendor/atproto/lexicons/tools/ozone/communication/updateTemplate.json"
parsing "../../vendor/atproto/lexicons/tools/ozone/moderation/defs.json"
parsing "../../vendor/atproto/lexicons/tools/ozone/moderation/emitEvent.json"
parsing "../../vendor/atproto/lexicons/tools/ozone/moderation/getEvent.json"
parsing "../../vendor/atproto/lexicons/tools/ozone/moderation/getRecord.json"
parsing "../../vendor/atproto/lexicons/tools/ozone/moderation/getRecords.json"
parsing "../../vendor/atproto/lexicons/tools/ozone/moderation/getRepo.json"
parsing "../../vendor/atproto/lexicons/tools/ozone/moderation/getRepos.json"
parsing "../../vendor/atproto/lexicons/tools/ozone/moderation/queryEvents.json"
parsing "../../vendor/atproto/lexicons/tools/ozone/moderation/queryStatuses.json"
parsing "../../vendor/atproto/lexicons/tools/ozone/moderation/searchRepos.json"
parsing "../../vendor/atproto/lexicons/tools/ozone/server/getConfig.json"
parsing "../../vendor/atproto/lexicons/tools/ozone/set/addValues.json"
parsing "../../vendor/atproto/lexicons/tools/ozone/set/defs.json"
parsing "../../vendor/atproto/lexicons/tools/ozone/set/deleteSet.json"
parsing "../../vendor/atproto/lexicons/tools/ozone/set/deleteValues.json"
parsing "../../vendor/atproto/lexicons/tools/ozone/set/getValues.json"
parsing "../../vendor/atproto/lexicons/tools/ozone/set/querySets.json"
parsing "../../vendor/atproto/lexicons/tools/ozone/set/upsertSet.json"
parsing "../../vendor/atproto/lexicons/tools/ozone/setting/defs.json"
parsing "../../vendor/atproto/lexicons/tools/ozone/setting/listOptions.json"
parsing "../../vendor/atproto/lexicons/tools/ozone/setting/removeOptions.json"
parsing "../../vendor/atproto/lexicons/tools/ozone/setting/upsertOption.json"
parsing "../../vendor/atproto/lexicons/tools/ozone/signature/defs.json"
parsing "../../vendor/atproto/lexicons/tools/ozone/signature/findCorrelation.json"
parsing "../../vendor/atproto/lexicons/tools/ozone/signature/findRelatedAccounts.json"
parsing "../../vendor/atproto/lexicons/tools/ozone/signature/searchAccounts.json"
parsing "../../vendor/atproto/lexicons/tools/ozone/team/addMember.json"
parsing "../../vendor/atproto/lexicons/tools/ozone/team/defs.json"
parsing "../../vendor/atproto/lexicons/tools/ozone/team/deleteMember.json"
parsing "../../vendor/atproto/lexicons/tools/ozone/team/listMembers.json"
parsing "../../vendor/atproto/lexicons/tools/ozone/team/updateMember.json"
